<?xml version="1.0" encoding="UTF-8"?>
<TestRun id="d89c86c7-0895-4c6f-a973-aacb8b7c530f" name="Kirschenmann@HOLM 2011-10-21 15:37:18" runUser="HOLM\Kirschenmann" xmlns="http://microsoft.com/schemas/VisualStudio/TeamTest/2010">
  <TestSettings name="Lokal" id="b41b6ef8-2c83-4fc8-94c4-a59184ecb9a6">
    <Description>Dies sind die standardmäßigen Testeinstellungen für einen lokalen Testlauf.</Description>
    <Deployment enabled="false" runDeploymentRoot="Kirschenmann_HOLM 2011-10-21 15_37_18">
      <DeploymentItem filename="C:\Users\Kirschenmann\Documents\Visual Studio 2010\Projects\log4net-1.2.10\bin\net\2.0\release\log4net.dll" />
      <DeploymentItem filename="C:\Users\Kirschenmann\Documents\Visual Studio 2010\Projects\HTMBitmapProcessor\HTMBitmapProcessor\bin\Debug\HTMBitmapProcessor.dll" />
      <DeploymentItem filename="C:\Users\Kirschenmann\Documents\Visual Studio 2010\Projects\HTMInterfaces\HTMInterfaces\bin\Debug\HTMInterfaces.dll" />
    </Deployment>
    <Execution>
      <TestTypeSpecific />
      <AgentRule name="Execution Agents">
      </AgentRule>
    </Execution>
  </TestSettings>
  <Times creation="2011-10-21T15:37:18.6765996+02:00" queuing="2011-10-21T15:37:19.6426549+02:00" start="2011-10-21T15:37:19.7686621+02:00" finish="2011-10-21T15:37:22.0947951+02:00" />
  <ResultSummary outcome="NotRunnable">
    <Counters total="4" executed="3" passed="3" error="0" failed="0" timeout="0" aborted="0" inconclusive="0" passedButRunAborted="0" notRunnable="1" notExecuted="0" disconnected="0" warning="0" completed="0" inProgress="0" pending="0" />
  </ResultSummary>
  <TestDefinitions>
    <UnitTest name="StepTest" storage="c:\users\kirschenmann\documents\visual studio 2010\projects\htmbitmapprocessor\testbitmapprocessor\bin\debug\testbitmapprocessor.dll" id="3bc3f31b-0e92-f14b-4c40-89c35782c7f5">
      <Execution id="1ba68a7e-ae94-4835-9b90-9e31e9200449" />
      <TestMethod codeBase="C:/Users/Kirschenmann/Documents/Visual Studio 2010/Projects/HTMBitmapProcessor/TestBitMapProcessor/bin/Debug/TestBitMapProcessor.DLL" adapterTypeName="Microsoft.VisualStudio.TestTools.TestTypes.Unit.UnitTestAdapter, Microsoft.VisualStudio.QualityTools.Tips.UnitTest.Adapter, Version=10.0.0.0, Culture=neutral, PublicKeyToken=b03f5f7f11d50a3a" className="TestBitMapProcessor.BitMapProcessorTest, TestBitMapProcessor, Version=1.0.0.0, Culture=neutral, PublicKeyToken=null" name="StepTest" />
    </UnitTest>
    <UnitTest name="GetAppVocabularyTest" storage="c:\users\kirschenmann\documents\visual studio 2010\projects\htmbitmapprocessor\testbitmapprocessor\bin\debug\testbitmapprocessor.dll" id="b418093d-1633-8275-e7c9-6df6acb06b09">
      <Execution id="5f090f99-8f6d-4a50-933c-22a1d56df7d8" />
      <TestMethod codeBase="C:/Users/Kirschenmann/Documents/Visual Studio 2010/Projects/HTMBitmapProcessor/TestBitMapProcessor/bin/Debug/TestBitMapProcessor.DLL" adapterTypeName="Microsoft.VisualStudio.TestTools.TestTypes.Unit.UnitTestAdapter, Microsoft.VisualStudio.QualityTools.Tips.UnitTest.Adapter, Version=10.0.0.0, Culture=neutral, PublicKeyToken=b03f5f7f11d50a3a" className="TestBitMapProcessor.DBLogWrapperTest, TestBitMapProcessor, Version=1.0.0.0, Culture=neutral, PublicKeyToken=null" name="GetAppVocabularyTest" />
    </UnitTest>
    <UnitTest name="GetAppEventFieldsTest" storage="c:\users\kirschenmann\documents\visual studio 2010\projects\htmbitmapprocessor\testbitmapprocessor\bin\debug\testbitmapprocessor.dll" id="9ad1ee18-64ca-234a-f678-927978cf635f">
      <Execution id="3d94e4fc-42cd-4fee-a246-549f391689c8" />
      <TestMethod codeBase="C:/Users/Kirschenmann/Documents/Visual Studio 2010/Projects/HTMBitmapProcessor/TestBitMapProcessor/bin/Debug/TestBitMapProcessor.DLL" adapterTypeName="Microsoft.VisualStudio.TestTools.TestTypes.Unit.UnitTestAdapter, Microsoft.VisualStudio.QualityTools.Tips.UnitTest.Adapter, Version=10.0.0.0, Culture=neutral, PublicKeyToken=b03f5f7f11d50a3a" className="TestBitMapProcessor.DBLogWrapperTest, TestBitMapProcessor, Version=1.0.0.0, Culture=neutral, PublicKeyToken=null" name="GetAppEventFieldsTest" />
    </UnitTest>
    <UnitTest name="InitializeWrapperTest" storage="c:\users\kirschenmann\documents\visual studio 2010\projects\htmbitmapprocessor\testbitmapprocessor\bin\debug\testbitmapprocessor.dll" id="59b0f5a0-cb93-47b4-c0fa-2b50664edb3f">
      <Execution id="6f5e3d2d-5638-4621-9c5a-eeed33c5f309" />
      <TestMethod codeBase="C:/Users/Kirschenmann/Documents/Visual Studio 2010/Projects/HTMBitmapProcessor/TestBitMapProcessor/bin/Debug/TestBitMapProcessor.DLL" adapterTypeName="Microsoft.VisualStudio.TestTools.TestTypes.Unit.UnitTestAdapter, Microsoft.VisualStudio.QualityTools.Tips.UnitTest.Adapter, Version=10.0.0.0, Culture=neutral, PublicKeyToken=b03f5f7f11d50a3a" className="TestBitMapProcessor.DBLogWrapperTest, TestBitMapProcessor, Version=1.0.0.0, Culture=neutral, PublicKeyToken=null" name="InitializeWrapperTest" />
    </UnitTest>
  </TestDefinitions>
  <TestLists>
    <TestList name="Nicht in einer Liste enthaltene Ergebnisse" id="8c84fa94-04c1-424b-9868-57a2d4851a1d" />
    <TestList name="Alle geladenen Ergebnisse" id="19431567-8539-422a-85d7-44ee4e166bda" />
  </TestLists>
  <TestEntries>
    <TestEntry testId="3bc3f31b-0e92-f14b-4c40-89c35782c7f5" executionId="1ba68a7e-ae94-4835-9b90-9e31e9200449" testListId="8c84fa94-04c1-424b-9868-57a2d4851a1d" />
    <TestEntry testId="59b0f5a0-cb93-47b4-c0fa-2b50664edb3f" executionId="6f5e3d2d-5638-4621-9c5a-eeed33c5f309" testListId="8c84fa94-04c1-424b-9868-57a2d4851a1d" />
    <TestEntry testId="9ad1ee18-64ca-234a-f678-927978cf635f" executionId="3d94e4fc-42cd-4fee-a246-549f391689c8" testListId="8c84fa94-04c1-424b-9868-57a2d4851a1d" />
    <TestEntry testId="b418093d-1633-8275-e7c9-6df6acb06b09" executionId="5f090f99-8f6d-4a50-933c-22a1d56df7d8" testListId="8c84fa94-04c1-424b-9868-57a2d4851a1d" />
  </TestEntries>
  <Results>
    <UnitTestResult executionId="1ba68a7e-ae94-4835-9b90-9e31e9200449" testId="3bc3f31b-0e92-f14b-4c40-89c35782c7f5" testName="StepTest" computerName="HOLM" duration="00:00:00.3860341" startTime="2011-10-21T15:37:19.8256653+02:00" endTime="2011-10-21T15:37:20.4787027+02:00" testType="13cdc9d9-ddb5-4fa4-a97d-d965ccfc6d4b" outcome="Passed" testListId="8c84fa94-04c1-424b-9868-57a2d4851a1d" relativeResultsDirectory="1ba68a7e-ae94-4835-9b90-9e31e9200449">
    </UnitTestResult>
    <UnitTestResult executionId="6f5e3d2d-5638-4621-9c5a-eeed33c5f309" testId="59b0f5a0-cb93-47b4-c0fa-2b50664edb3f" testName="InitializeWrapperTest" computerName="HOLM" testType="13cdc9d9-ddb5-4fa4-a97d-d965ccfc6d4b" outcome="NotRunnable" testListId="8c84fa94-04c1-424b-9868-57a2d4851a1d" relativeResultsDirectory="6f5e3d2d-5638-4621-9c5a-eeed33c5f309">
      <Output>
        <ErrorInfo>
          <Message>UTA007: Die in der TestBitMapProcessor.DBLogWrapperTest-Klasse definierte InitializeWrapperTest-Methode hat keine korrekte Signatur. Dei mit dem [TestMethod]-Attribut markierte Testmethode muss nicht statisch und öffentlich sein, gibt keinen Wert zurück und darf keine Parameter übernehmen. Beispiel: public void Test.Class1.Test().</Message>
        </ErrorInfo>
      </Output>
    </UnitTestResult>
    <UnitTestResult executionId="3d94e4fc-42cd-4fee-a246-549f391689c8" testId="9ad1ee18-64ca-234a-f678-927978cf635f" testName="GetAppEventFieldsTest" computerName="HOLM" duration="00:00:00.0401038" startTime="2011-10-21T15:37:20.4817029+02:00" endTime="2011-10-21T15:37:20.5257054+02:00" testType="13cdc9d9-ddb5-4fa4-a97d-d965ccfc6d4b" outcome="Passed" testListId="8c84fa94-04c1-424b-9868-57a2d4851a1d" relativeResultsDirectory="3d94e4fc-42cd-4fee-a246-549f391689c8">
    </UnitTestResult>
    <UnitTestResult executionId="5f090f99-8f6d-4a50-933c-22a1d56df7d8" testId="b418093d-1633-8275-e7c9-6df6acb06b09" testName="GetAppVocabularyTest" computerName="HOLM" duration="00:00:00.0061401" startTime="2011-10-21T15:37:20.5347059+02:00" endTime="2011-10-21T15:37:20.5487067+02:00" testType="13cdc9d9-ddb5-4fa4-a97d-d965ccfc6d4b" outcome="Passed" testListId="8c84fa94-04c1-424b-9868-57a2d4851a1d" relativeResultsDirectory="5f090f99-8f6d-4a50-933c-22a1d56df7d8">
    </UnitTestResult>
  </Results>
</TestRun>